#-----------------------------------------------------------
# Vivado v2018.3 (64-bit)
# SW Build 2405991 on Thu Dec  6 23:36:41 MST 2018
# IP Build 2404404 on Fri Dec  7 01:43:56 MST 2018
# Start of session at: Fri Nov 29 14:30:10 2019
# Process ID: 15678
# Current directory: /home/omochan/3A/cpujikken/core
# Command line: vivado
# Log file: /home/omochan/3A/cpujikken/core/vivado.log
# Journal file: /home/omochan/3A/cpujikken/core/vivado.jou
#-----------------------------------------------------------
start_gui
open_project /home/omochan/3A/cpujikken/core/project_1/project_1.xpr
open_run impl_1
update_compile_order -fileset sources_1
reset_run synth_1
launch_runs impl_1 -to_step write_bitstream -jobs 6
wait_on_run impl_1
open_bd_design {/home/omochan/3A/cpujikken/core/project_1/project_1.srcs/sources_1/bd/design_1/design_1.bd}
update_module_reference design_1_top_wrapper_0_1
reset_run synth_1
launch_runs impl_1 -to_step write_bitstream -jobs 6
wait_on_run impl_1
create_ip_run [get_files -of_objects [get_fileset sources_1] /home/omochan/3A/cpujikken/core/project_1/project_1.srcs/sources_1/bd/design_1/design_1.bd]
refresh_design
open_bd_design {/home/omochan/3A/cpujikken/core/project_1/project_1.srcs/sources_1/bd/design_1/design_1.bd}
update_module_reference design_1_top_wrapper_0_1
reset_run synth_1
launch_runs impl_1 -to_step write_bitstream -jobs 6
wait_on_run impl_1
create_ip_run [get_files -of_objects [get_fileset sources_1] /home/omochan/3A/cpujikken/core/project_1/project_1.srcs/sources_1/bd/design_1/design_1.bd]
refresh_design
open_bd_design {/home/omochan/3A/cpujikken/core/project_1/project_1.srcs/sources_1/bd/design_1/design_1.bd}
update_module_reference design_1_top_wrapper_0_1
reset_run synth_1
launch_runs impl_1 -to_step write_bitstream -jobs 6
wait_on_run impl_1
create_ip_run [get_files -of_objects [get_fileset sources_1] /home/omochan/3A/cpujikken/core/project_1/project_1.srcs/sources_1/bd/design_1/design_1.bd]
refresh_design
open_bd_design {/home/omochan/3A/cpujikken/core/project_1/project_1.srcs/sources_1/bd/design_1/design_1.bd}
update_module_reference design_1_top_wrapper_0_1
reset_run synth_1
launch_runs impl_1 -to_step write_bitstream -jobs 6
wait_on_run impl_1
create_ip_run [get_files -of_objects [get_fileset sources_1] /home/omochan/3A/cpujikken/core/project_1/project_1.srcs/sources_1/bd/design_1/design_1.bd]
refresh_design
open_bd_design {/home/omochan/3A/cpujikken/core/project_1/project_1.srcs/sources_1/bd/design_1/design_1.bd}
startgroup
set_property -dict [list CONFIG.CLKOUT1_REQUESTED_OUT_FREQ {100.0} CONFIG.MMCM_DIVCLK_DIVIDE {3} CONFIG.MMCM_CLKFBOUT_MULT_F {10.000} CONFIG.MMCM_CLKOUT0_DIVIDE_F {10.000} CONFIG.CLKOUT1_JITTER {129.666} CONFIG.CLKOUT1_PHASE_ERROR {98.575}] [get_bd_cells clk_wiz_0]
endgroup
startgroup
set_property -dict [list CONFIG.CLKOUT1_REQUESTED_OUT_FREQ {100.0} CONFIG.MMCM_DIVCLK_DIVIDE {3} CONFIG.MMCM_CLKFBOUT_MULT_F {10.000} CONFIG.MMCM_CLKOUT0_DIVIDE_F {10.000} CONFIG.CLKOUT1_JITTER {129.666} CONFIG.CLKOUT1_PHASE_ERROR {98.575}] [get_bd_cells clk_wiz_0]
endgroup
save_bd_design
reset_run synth_1
reset_run design_1_clk_wiz_0_0_synth_1
launch_runs impl_1 -to_step write_bitstream -jobs 6
wait_on_run impl_1
create_ip_run [get_files -of_objects [get_fileset sources_1] /home/omochan/3A/cpujikken/core/project_1/project_1.srcs/sources_1/bd/design_1/design_1.bd]
refresh_design
reset_run synth_1
launch_runs impl_1 -to_step write_bitstream -jobs 6
wait_on_run impl_1
open_bd_design {/home/omochan/3A/cpujikken/core/project_1/project_1.srcs/sources_1/bd/design_1/design_1.bd}
reset_run synth_1
update_module_reference design_1_top_wrapper_0_1
launch_runs impl_1 -to_step write_bitstream -jobs 6
wait_on_run impl_1
create_ip_run [get_files -of_objects [get_fileset sources_1] /home/omochan/3A/cpujikken/core/project_1/project_1.srcs/sources_1/bd/design_1/design_1.bd]
refresh_design
open_bd_design {/home/omochan/3A/cpujikken/core/project_1/project_1.srcs/sources_1/bd/design_1/design_1.bd}
update_module_reference design_1_top_wrapper_0_1
reset_run synth_1
launch_runs impl_1 -to_step write_bitstream -jobs 6
wait_on_run impl_1
create_ip_run [get_files -of_objects [get_fileset sources_1] /home/omochan/3A/cpujikken/core/project_1/project_1.srcs/sources_1/bd/design_1/design_1.bd]
refresh_design
open_bd_design {/home/omochan/3A/cpujikken/core/project_1/project_1.srcs/sources_1/bd/design_1/design_1.bd}
update_module_reference design_1_top_wrapper_0_1
reset_run synth_1
launch_runs impl_1 -to_step write_bitstream -jobs 6
wait_on_run impl_1
create_ip_run [get_files -of_objects [get_fileset sources_1] /home/omochan/3A/cpujikken/core/project_1/project_1.srcs/sources_1/bd/design_1/design_1.bd]
refresh_design
open_bd_design {/home/omochan/3A/cpujikken/core/project_1/project_1.srcs/sources_1/bd/design_1/design_1.bd}
update_module_reference design_1_top_wrapper_0_1
reset_run synth_1
launch_runs impl_1 -to_step write_bitstream -jobs 6
wait_on_run impl_1
create_ip_run [get_files -of_objects [get_fileset sources_1] /home/omochan/3A/cpujikken/core/project_1/project_1.srcs/sources_1/bd/design_1/design_1.bd]
refresh_design
reset_run synth_1
launch_runs impl_1 -to_step write_bitstream -jobs 6
wait_on_run impl_1
open_bd_design {/home/omochan/3A/cpujikken/core/project_1/project_1.srcs/sources_1/bd/design_1/design_1.bd}
update_module_reference design_1_top_wrapper_0_1
reset_run synth_1
update_module_reference design_1_top_wrapper_0_1
launch_runs impl_1 -to_step write_bitstream -jobs 6
wait_on_run impl_1
create_ip_run [get_files -of_objects [get_fileset sources_1] /home/omochan/3A/cpujikken/core/project_1/project_1.srcs/sources_1/bd/design_1/design_1.bd]
refresh_design
open_bd_design {/home/omochan/3A/cpujikken/core/project_1/project_1.srcs/sources_1/bd/design_1/design_1.bd}
update_module_reference design_1_top_wrapper_0_1
open_bd_design {/home/omochan/3A/cpujikken/core/project_1/project_1.srcs/sources_1/bd/design_1/design_1.bd}
update_module_reference design_1_top_wrapper_0_1
reset_run synth_1
launch_runs impl_1 -to_step write_bitstream -jobs 6
wait_on_run impl_1
create_ip_run [get_files -of_objects [get_fileset sources_1] /home/omochan/3A/cpujikken/core/project_1/project_1.srcs/sources_1/bd/design_1/design_1.bd]
refresh_design
open_bd_design {/home/omochan/3A/cpujikken/core/project_1/project_1.srcs/sources_1/bd/design_1/design_1.bd}
update_module_reference design_1_top_wrapper_0_1
reset_run synth_1
launch_runs impl_1 -to_step write_bitstream -jobs 6
wait_on_run impl_1
open_bd_design {/home/omochan/3A/cpujikken/core/project_1/project_1.srcs/sources_1/bd/design_1/design_1.bd}
create_ip_run [get_files -of_objects [get_fileset sources_1] /home/omochan/3A/cpujikken/core/project_1/project_1.srcs/sources_1/bd/design_1/design_1.bd]
refresh_design
reset_run synth_1
launch_runs impl_1 -to_step write_bitstream -jobs 6
wait_on_run impl_1
open_bd_design {/home/omochan/3A/cpujikken/core/project_1/project_1.srcs/sources_1/bd/design_1/design_1.bd}
reset_run synth_1
update_module_reference design_1_top_wrapper_0_1
launch_runs impl_1 -to_step write_bitstream -jobs 6
wait_on_run impl_1
create_ip_run [get_files -of_objects [get_fileset sources_1] /home/omochan/3A/cpujikken/core/project_1/project_1.srcs/sources_1/bd/design_1/design_1.bd]
refresh_design
reset_run synth_1
launch_runs impl_1 -to_step write_bitstream -jobs 6
wait_on_run impl_1
open_bd_design {/home/omochan/3A/cpujikken/core/project_1/project_1.srcs/sources_1/bd/design_1/design_1.bd}
reset_run synth_1
update_module_reference design_1_top_wrapper_0_1
launch_runs impl_1 -to_step write_bitstream -jobs 6
wait_on_run impl_1
create_ip_run [get_files -of_objects [get_fileset sources_1] /home/omochan/3A/cpujikken/core/project_1/project_1.srcs/sources_1/bd/design_1/design_1.bd]
refresh_design
open_bd_design {/home/omochan/3A/cpujikken/core/project_1/project_1.srcs/sources_1/bd/design_1/design_1.bd}
startgroup
set_property -dict [list CONFIG.CLKOUT1_REQUESTED_OUT_FREQ {20} CONFIG.MMCM_DIVCLK_DIVIDE {5} CONFIG.MMCM_CLKFBOUT_MULT_F {14.125} CONFIG.MMCM_CLKOUT0_DIVIDE_F {42.375} CONFIG.CLKOUT1_JITTER {221.605} CONFIG.CLKOUT1_PHASE_ERROR {120.412}] [get_bd_cells clk_wiz_0]
endgroup
save_bd_design
reset_run synth_1
reset_run design_1_clk_wiz_0_0_synth_1
launch_runs impl_1 -to_step write_bitstream -jobs 6
wait_on_run impl_1
create_ip_run [get_files -of_objects [get_fileset sources_1] /home/omochan/3A/cpujikken/core/project_1/project_1.srcs/sources_1/bd/design_1/design_1.bd]
refresh_design
